== osc.sine "Oscillator" finder="Oscillator" Source
in   V/Oct              Control  ConnectionOnly       inline=true  port
in   FM                 Control  ConnectionOnly       inline=true  port
in   Exp FM             Control  ConnectionOnly       inline=true  port
in   PWM                Control  ConnectionOnly       inline=true  port
in   Sync               Control  ConnectionOnly       inline=true  port
in   Octave             Control  ConstantOnly         inline=false num 0 [-4..4] oct stepped
in   Semitone           Control  ConstantOnly         inline=false num 0 [-12..12] st stepped
in   Fine               Control  ConstantOnly         inline=false num 0 [-100..100] ct
in   FM Depth           Control  ConstantOnly         inline=false num 0 [0..5]
in   Exp FM Depth       Control  ConstantOnly         inline=false num 1 [0..4] oct
in   Waveform           Control  ConstantOnly         inline=true  select 0 ["Sine", "Saw", "Square", "Tri"] "Wave"
in   Pulse Width        Control  ConstantOnly         inline=false num 0.5 [0.1..0.9]
in   Voices             Control  ConstantOnly         inline=false num 1 [1..7]  stepped
in   Detune             Control  ConstantOnly         inline=false num 0.4 [0..1] %
in   Spread             Control  ConstantOnly         inline=false num 0.5 [0..1] %
out  Out                Audio
out  Sub                Audio
out  Out L              Audio
out  Out R              Audio
knob Octave             "Oct" KnobOnly
knob Semitone           "Semi" KnobOnly
knob Fine               "Fine" KnobOnly
knob FM Depth           "FM" KnobOnly
knob Exp FM Depth       "Exp FM" KnobOnly
knob Pulse Width        "PW" KnobOnly
knob Voices             "Voices" KnobOnly
knob Detune             "Detune" KnobOnly
knob Spread             "Spread" KnobOnly
display OscillatorWave

== input.keyboard "Keyboard" finder="Keyboard" Source
in   Note               Control  ConstantOnly         inline=false num 60 [0..127]
in   Gate               Control  ConstantOnly         inline=false toggle false ""
in   Octave             Control  ConstantOnly         inline=false num 0 [-2..2]
in   Velocity           Control  ConstantOnly         inline=false num 1 [0..1] %
in   Priority           Control  ConstantOnly         inline=true  select 0 ["Last", "Lowest", "Highest"] "Priority"
out  Gate               Gate
out  Pitch              Control
out  Velocity           Control
knob Octave             "Oct" KnobOnly
knob Velocity           "Vel" KnobOnly
monitor [0]
display KeyboardPiano

== input.midi_note "MIDI Note" finder="MIDI Note" Source
in   Channel            Control  ConstantOnly         inline=true  select 0 ["Omni", "1", "2", "3", "4", "5", "6", "7", "8", "9", "10", "11", "12", "13", "14", "15", "16"] "Ch"
in   Octave             Control  ConstantOnly         inline=false num 0 [-4..4] oct stepped
in   Priority           Control  ConstantOnly         inline=true  select 0 ["Last", "Low", "High"] "Priority"
in   Retrigger          Control  ConstantOnly         inline=true  toggle false "Retrig"
in   Bend Range         Control  ConstantOnly         inline=false num 2 [0..12] st stepped
out  Pitch              Control
out  Gate               Gate
out  Velocity           Control
out  Aftertouch         Control
knob Octave             "Oct" KnobOnly
knob Bend Range         "Bend" KnobOnly
monitor [1]
display MidiPiano

== input.poly_midi "Poly MIDI" finder="Poly MIDI" Source
in   Channel            Control  ConstantOnly         inline=true  select 0 ["Omni", "1", "2", "3", "4", "5", "6", "7", "8", "9", "10", "11", "12", "13", "14", "15", "16"] "Ch"
in   Voices             Control  ConstantOnly         inline=false num 8 [1..8]  stepped
in   Allocation         Control  ConstantOnly         inline=true  select 0 ["Rotate", "Reuse"] "Mode"
in   Octave             Control  ConstantOnly         inline=false num 0 [-4..4] oct stepped
in   Bend Range         Control  ConstantOnly         inline=false num 2 [0..12] st stepped
out  Pitch              Control
out  Gate               Gate
out  Velocity           Control
out  Aftertouch         Control
knob Voices             "Voices" KnobOnly
knob Octave             "Oct" KnobOnly
knob Bend Range         "Bend" KnobOnly
monitor [1]
display MidiPiano

== filter.svf "SVF Filter" finder="SVF Filter" Filter
in   In                 Audio    ConnectionOnly       inline=true  port
in   Cutoff             Control  ConnectionOrConstant inline=true  num 1000 [20..20000] Hz log
in   Resonance          Control  ConnectionOrConstant inline=true  num 0.5 [0..1]
in   Drive              Control  ConstantOnly         inline=false num 1 [1..10] x
out  LowPass            Audio
out  HighPass           Audio
out  BandPass           Audio
out  Notch              Audio
knob Cutoff             "Cutoff" Modulatable
knob Resonance          "Res" Modulatable
knob Drive              "Drive" KnobOnly
display FilterResponse

== filter.ladder "Ladder Filter" finder="Ladder Filter" Filter
in   In                 Audio    ConnectionOnly       inline=true  port
in   Cutoff             Control  ConnectionOrConstant inline=true  num 1000 [20..20000] Hz log
in   Resonance          Control  ConnectionOrConstant inline=true  num 0.5 [0..1]
in   Drive              Control  ConstantOnly         inline=false num 1 [1..10] x
out  LP24               Audio
out  LP12               Audio
knob Cutoff             "Cutoff" Modulatable
knob Resonance          "Res" Modulatable
knob Drive              "Drive" KnobOnly
display LadderResponse

== mod.adsr "ADSR Envelope" finder="ADSR Envelope" Modulation
in   Gate               Gate     ConnectionOnly       inline=true  port
in   Retrig             Gate     ConnectionOnly       inline=true  port
in   Velocity           Control  ConnectionOnly       inline=true  port
in   Attack             Control  ConstantOnly         inline=false num 0.01 [0.001..10] s log
in   Decay              Control  ConstantOnly         inline=false num 0.1 [0.001..10] s log
in   Sustain            Control  ConstantOnly         inline=false num 0.7 [0..1]
in   Release            Control  ConstantOnly         inline=false num 0.3 [0.001..10] s log
in   Attack Curve       Control  ConstantOnly         inline=false num 0.2 [0..1] %
in   Decay Curve        Control  ConstantOnly         inline=false num 0.5 [0..1] %
in   Release Curve      Control  ConstantOnly         inline=false num 0.5 [0..1] %
in   Velocity Amount    Control  ConstantOnly         inline=false num 0.5 [0..1] %
out  Out                Control
knob Attack             "Atk" KnobOnly
knob Decay              "Dec" KnobOnly
knob Sustain            "Sus" KnobOnly
knob Release            "Rel" KnobOnly
knob Attack Curve       "A Crv" KnobOnly
knob Decay Curve        "D Crv" KnobOnly
knob Velocity Amount    "Vel" KnobOnly
knob Release Curve      "R Crv" KnobOnly
display Envelope

== mod.lfo "LFO" finder="LFO" Modulation
in   Rate               Control  ConnectionOrConstant inline=true  num 1 [0.01..100] Hz log
in   Sync               Gate     ConnectionOnly       inline=true  port
in   Waveform           Control  ConstantOnly         inline=true  select 0 ["Sine", "Triangle", "Square", "Saw"] "Wave"
in   Phase              Control  ConstantOnly         inline=false num 0 [0..360] °
in   Bipolar            Control  ConstantOnly         inline=true  toggle true "Bipolar"
out  Out                Control
out  Phase              Control
knob Rate               "Rate" Modulatable
knob Phase              "Phase" KnobOnly
monitor [1]
display LfoWave

== util.clock "Clock" finder="Clock" Utility
in   Sync               Gate     ConnectionOnly       inline=true  port
in   Tempo              Control  ConstantOnly         inline=false num 120 [20..300] BPM
in   Gate Length        Control  ConstantOnly         inline=false num 50 [1..99] %
in   Division           Control  ConstantOnly         inline=true  select 2 ["1", "1/2", "1/4", "1/8", "1/16"] "Div"
in   Run                Control  ConstantOnly         inline=true  toggle true "Run"
out  Gate               Gate
knob Tempo              "BPM" KnobOnly
knob Gate Length        "Gate" KnobOnly
monitor [0]

== util.vca "VCA" finder="VCA" Utility
in   In                 Audio    ConnectionOnly       inline=true  port
in   CV                 Control  ConnectionOnly       inline=true  port
in   Level              Control  ConstantOnly         inline=false num 1 [0..1]
in   CV Amount          Control  ConstantOnly         inline=false num 1 [0..1]
out  Out                Audio
knob Level              "Level" KnobOnly
knob CV Amount          "CV Amt" KnobOnly

== util.attenuverter "Attenuverter" finder="Attenuverter" Utility
in   In                 Control  ConnectionOnly       inline=true  port
in   Amount             Control  ConstantOnly         inline=false num 1 [-1..1]
in   Offset             Control  ConstantOnly         inline=false num 0 [-1..1]
out  Out                Control
knob Amount             "Amt" KnobOnly
knob Offset             "Offset" KnobOnly

== util.mixer "Mixer" finder="Mixer" Utility
in   Ch 1               Audio    ConnectionOnly       inline=true  port
in   Ch 2               Audio    ConnectionOnly       inline=true  port
in   Level 1            Control  ConstantOnly         inline=false num 1 [0..1]
in   Level 2            Control  ConstantOnly         inline=false num 1 [0..1]
out  Out                Audio
knob Level 1            "Lv 1" KnobOnly
knob Level 2            "Lv 2" KnobOnly

== util.sample_hold "Sample & Hold" finder="Sample & Hold" Utility
in   In                 Control  ConnectionOnly       inline=true  port
in   Trig               Gate     ConnectionOnly       inline=true  port
in   Slew               Control  ConstantOnly         inline=false num 0 [0..1] s
out  Out                Control
knob Slew               "Slew" KnobOnly

== util.oscilloscope "Oscilloscope" finder="Oscilloscope" Utility
in   In 1               Audio    ConnectionOnly       inline=true  port
in   In 2               Audio    ConnectionOnly       inline=true  port
in   Trig               Gate     ConnectionOnly       inline=true  port
in   Mode               Control  ConstantOnly         inline=true  select 0 ["Auto", "Normal", "Single", "Free"] "Mode"
in   Trigger Level      Control  ConstantOnly         inline=false num 0 [-1..1]
knob Trigger Level      "Trig" KnobOnly
display Scope

== seq.step "Step Sequencer" finder="Step Sequencer" Utility
in   Clock              Gate     ConnectionOnly       inline=true  port
in   Reset              Gate     ConnectionOnly       inline=true  port
in   Run                Gate     ConnectionOnly       inline=true  port
in   Steps              Control  ConstantOnly         inline=false num 8 [1..16]
in   Direction          Control  ConstantOnly         inline=true  select 0 ["Fwd", "Bwd", "P-P", "Rnd"] "Dir"
in   Gate Length        Control  ConstantOnly         inline=false num 50 [1..99] %
in   Step 1 Pitch       Control  ConstantOnly         inline=false num 60 [0..127]
in   Step 1 Gate        Control  ConstantOnly         inline=false toggle true ""
in   Step 1 Velocity    Control  ConstantOnly         inline=false num 100 [0..127]
in   Step 2 Pitch       Control  ConstantOnly         inline=false num 60 [0..127]
in   Step 2 Gate        Control  ConstantOnly         inline=false toggle true ""
in   Step 2 Velocity    Control  ConstantOnly         inline=false num 100 [0..127]
in   Step 3 Pitch       Control  ConstantOnly         inline=false num 60 [0..127]
in   Step 3 Gate        Control  ConstantOnly         inline=false toggle true ""
in   Step 3 Velocity    Control  ConstantOnly         inline=false num 100 [0..127]
in   Step 4 Pitch       Control  ConstantOnly         inline=false num 60 [0..127]
in   Step 4 Gate        Control  ConstantOnly         inline=false toggle true ""
in   Step 4 Velocity    Control  ConstantOnly         inline=false num 100 [0..127]
in   Step 5 Pitch       Control  ConstantOnly         inline=false num 60 [0..127]
in   Step 5 Gate        Control  ConstantOnly         inline=false toggle true ""
in   Step 5 Velocity    Control  ConstantOnly         inline=false num 100 [0..127]
in   Step 6 Pitch       Control  ConstantOnly         inline=false num 60 [0..127]
in   Step 6 Gate        Control  ConstantOnly         inline=false toggle true ""
in   Step 6 Velocity    Control  ConstantOnly         inline=false num 100 [0..127]
in   Step 7 Pitch       Control  ConstantOnly         inline=false num 60 [0..127]
in   Step 7 Gate        Control  ConstantOnly         inline=false toggle true ""
in   Step 7 Velocity    Control  ConstantOnly         inline=false num 100 [0..127]
in   Step 8 Pitch       Control  ConstantOnly         inline=false num 60 [0..127]
in   Step 8 Gate        Control  ConstantOnly         inline=false toggle true ""
in   Step 8 Velocity    Control  ConstantOnly         inline=false num 100 [0..127]
in   Step 9 Pitch       Control  ConstantOnly         inline=false num 60 [0..127]
in   Step 9 Gate        Control  ConstantOnly         inline=false toggle true ""
in   Step 9 Velocity    Control  ConstantOnly         inline=false num 100 [0..127]
in   Step 10 Pitch      Control  ConstantOnly         inline=false num 60 [0..127]
in   Step 10 Gate       Control  ConstantOnly         inline=false toggle true ""
in   Step 10 Velocity   Control  ConstantOnly         inline=false num 100 [0..127]
in   Step 11 Pitch      Control  ConstantOnly         inline=false num 60 [0..127]
in   Step 11 Gate       Control  ConstantOnly         inline=false toggle true ""
in   Step 11 Velocity   Control  ConstantOnly         inline=false num 100 [0..127]
in   Step 12 Pitch      Control  ConstantOnly         inline=false num 60 [0..127]
in   Step 12 Gate       Control  ConstantOnly         inline=false toggle true ""
in   Step 12 Velocity   Control  ConstantOnly         inline=false num 100 [0..127]
in   Step 13 Pitch      Control  ConstantOnly         inline=false num 60 [0..127]
in   Step 13 Gate       Control  ConstantOnly         inline=false toggle true ""
in   Step 13 Velocity   Control  ConstantOnly         inline=false num 100 [0..127]
in   Step 14 Pitch      Control  ConstantOnly         inline=false num 60 [0..127]
in   Step 14 Gate       Control  ConstantOnly         inline=false toggle true ""
in   Step 14 Velocity   Control  ConstantOnly         inline=false num 100 [0..127]
in   Step 15 Pitch      Control  ConstantOnly         inline=false num 60 [0..127]
in   Step 15 Gate       Control  ConstantOnly         inline=false toggle true ""
in   Step 15 Velocity   Control  ConstantOnly         inline=false num 100 [0..127]
in   Step 16 Pitch      Control  ConstantOnly         inline=false num 60 [0..127]
in   Step 16 Gate       Control  ConstantOnly         inline=false toggle true ""
in   Step 16 Velocity   Control  ConstantOnly         inline=false num 100 [0..127]
out  Pitch              Control
out  Gate               Gate
out  Velocity           Control
out  Step               Control
out  EOC                Gate
knob Steps              "Steps" KnobOnly
knob Gate Length        "Gate" KnobOnly
monitor [1, 4]
display StepGrid

== fx.delay "Stereo Delay" finder="Stereo Delay" Effect
in   In L               Audio    ConnectionOnly       inline=true  port
in   In R               Audio    ConnectionOnly       inline=true  port
in   Time               Control  ConnectionOrConstant inline=true  num 500 [1..2000] ms log
in   Feedback           Control  ConnectionOrConstant inline=true  num 0.5 [0..1] %
in   Mix                Control  ConstantOnly         inline=false num 0.5 [0..1] %
in   High Cut           Control  ConstantOnly         inline=false num 10000 [100..20000] Hz log
in   Low Cut            Control  ConstantOnly         inline=false num 20 [20..2000] Hz log
in   Ping-Pong          Control  ConstantOnly         inline=true  toggle false "P-P"
in   Sync               Control  ConstantOnly         inline=true  select 0 ["Off", "1/4", "1/8", "1/8T", "1/16", "1/16T", "1/32", "1/4D", "1/8D"] "Sync"
in   Tape               Control  ConstantOnly         inline=true  toggle false "Tape"
out  Out L              Audio
out  Out R              Audio
knob Time               "Time" Modulatable
knob Feedback           "FB" Modulatable
knob Mix                "Mix" KnobOnly
knob High Cut           "HiCut" KnobOnly
knob Low Cut            "LoCut" KnobOnly

== fx.reverb "Reverb" finder="Reverb" Effect
in   In L               Audio    ConnectionOnly       inline=true  port
in   In R               Audio    ConnectionOnly       inline=true  port
in   Size               Control  ConstantOnly         inline=false num 0.5 [0..1] %
in   Decay              Control  ConstantOnly         inline=false num 2 [0.1..30] s log
in   Damping            Control  ConstantOnly         inline=false num 0.5 [0..1] %
in   Pre-Delay          Control  ConstantOnly         inline=false num 0 [0..100] ms
in   Mix                Control  ConstantOnly         inline=false num 0.3 [0..1] %
in   Width              Control  ConstantOnly         inline=false num 1 [0..1] %
in   Mod                Control  ConstantOnly         inline=false num 0.25 [0..1] %
out  Out L              Audio
out  Out R              Audio
knob Size               "Size" KnobOnly
knob Decay              "Decay" KnobOnly
knob Damping            "Damp" KnobOnly
knob Mod                "Mod" KnobOnly
knob Pre-Delay          "PreD" KnobOnly
knob Width              "Width" KnobOnly
knob Mix                "Mix" KnobOnly

== fx.eq "3-Band EQ" finder="3-Band EQ" Effect
in   In                 Audio    ConnectionOnly       inline=true  port
in   Low Freq           Control  ConstantOnly         inline=false num 100 [20..500] Hz log
in   Low Gain           Control  ConstantOnly         inline=false num 0 [-15..15] dB
in   Mid Freq           Control  ConstantOnly         inline=false num 1000 [100..10000] Hz log
in   Mid Gain           Control  ConstantOnly         inline=false num 0 [-15..15] dB
in   Mid Q              Control  ConstantOnly         inline=false num 1 [0.1..10]  log
in   High Freq          Control  ConstantOnly         inline=false num 8000 [2000..20000] Hz log
in   High Gain          Control  ConstantOnly         inline=false num 0 [-15..15] dB
in   Output             Control  ConstantOnly         inline=false num 0 [-12..12] dB
out  Out                Audio
knob Low Freq           "LoFrq" KnobOnly
knob Low Gain           "LoGn" KnobOnly
knob Mid Freq           "MdFrq" KnobOnly
knob Mid Gain           "MdGn" KnobOnly
knob Mid Q              "MdQ" KnobOnly
knob High Freq          "HiFrq" KnobOnly
knob High Gain          "HiGn" KnobOnly
knob Output             "Out" KnobOnly

== fx.distortion "Distortion" finder="Distortion" Effect
in   In                 Audio    ConnectionOnly       inline=true  port
in   Drive              Control  ConnectionOrConstant inline=true  num 0.5 [0..1] %
in   Tone               Control  ConstantOnly         inline=false num 0.5 [0..1] %
in   Type               Control  ConstantOnly         inline=true  select 0 ["Soft", "Hard", "Fold", "Bit", "Tube"] "Type"
in   Mix                Control  ConstantOnly         inline=false num 1 [0..1] %
in   Output             Control  ConstantOnly         inline=false num 0 [-12..12] dB
in   Symmetry           Control  ConstantOnly         inline=false num 0 [-1..1] %
in   Rate               Control  ConstantOnly         inline=false num 48000 [100..48000] Hz log
out  Out                Audio
knob Drive              "Drive" Modulatable
knob Symmetry           "Sym" KnobOnly
knob Rate               "Rate" KnobOnly
knob Tone               "Tone" KnobOnly
knob Mix                "Mix" KnobOnly
knob Output             "Out" KnobOnly

== fx.chorus "Chorus" finder="Chorus" Effect
in   In L               Audio    ConnectionOnly       inline=true  port
in   In R               Audio    ConnectionOnly       inline=true  port
in   Rate               Control  ConnectionOrConstant inline=true  num 1 [0.1..10] Hz log
in   Depth              Control  ConnectionOrConstant inline=true  num 0.5 [0..1] %
in   Delay              Control  ConstantOnly         inline=false num 10 [1..30] ms log
in   Feedback           Control  ConstantOnly         inline=false num 0 [-0.5..0.5]
in   Voices             Control  ConstantOnly         inline=true  select 1 ["1", "2", "3", "4"] "Voices"
in   Mix                Control  ConstantOnly         inline=false num 0.5 [0..1] %
in   Shape              Control  ConstantOnly         inline=true  select 0 ["Sine", "Tri"] "Shape"
out  Out L              Audio
out  Out R              Audio
knob Rate               "Rate" Modulatable
knob Depth              "Depth" Modulatable
knob Delay              "Delay" KnobOnly
knob Feedback           "FB" KnobOnly
knob Mix                "Mix" KnobOnly

== fx.compressor "Compressor" finder="Compressor" Effect
in   In                 Audio    ConnectionOnly       inline=true  port
in   Sidechain          Audio    ConnectionOnly       inline=true  port
in   Threshold          Control  ConstantOnly         inline=false num -20 [-60..0] dB
in   Ratio              Control  ConstantOnly         inline=false num 4 [1..20] :1 log
in   Attack             Control  ConstantOnly         inline=false num 10 [0.1..100] ms log
in   Release            Control  ConstantOnly         inline=false num 100 [10..1000] ms log
in   Knee               Control  ConstantOnly         inline=false num 6 [0..12] dB
in   Makeup             Control  ConstantOnly         inline=false num 0 [0..24] dB
in   Mix                Control  ConstantOnly         inline=false num 1 [0..1] %
in   Detector           Control  ConstantOnly         inline=true  select 0 ["Peak", "RMS"] "Detector"
out  Out                Audio
out  GR                 Control
knob Threshold          "Thresh" KnobOnly
knob Ratio              "Ratio" KnobOnly
knob Attack             "Atk" KnobOnly
knob Release            "Rel" KnobOnly
knob Knee               "Knee" KnobOnly
knob Makeup             "Mkup" KnobOnly
knob Mix                "Mix" KnobOnly

== util.midi_monitor "MIDI Monitor" finder="MIDI Monitor" Utility
in   Channel            Control  ConstantOnly         inline=true  select 0 ["All", "1", "2", "3", "4", "5", "6", "7", "8", "9", "10", "11", "12", "13", "14", "15", "16"] "Ch"
in   Notes              Control  ConstantOnly         inline=true  toggle true "Notes"
in   CC                 Control  ConstantOnly         inline=true  toggle true "CC"
in   Pitch Bend         Control  ConstantOnly         inline=true  toggle true "PB"
display MidiLog

== output.audio "Audio Output" finder="Audio Output" Output
in   Left               Audio    ConnectionOnly       inline=true  port
in   Right              Audio    ConnectionOnly       inline=true  port
in   Mono               Audio    ConnectionOnly       inline=true  port
in   Volume             Control  ConstantOnly         inline=false num 0.8 [0..1] %
in   Limiter            Control  ConstantOnly         inline=true  toggle true "Limiter"
in   Character          Control  ConstantOnly         inline=true  toggle false "Character"
knob Volume             "Vol" KnobOnly
display OutputMeter
